#-----------------------------------------------------------
# Vivado v2023.1 (64-bit)
# SW Build 3865809 on Sun May  7 15:05:29 MDT 2023
# IP Build 3864474 on Sun May  7 20:36:21 MDT 2023
# SharedData Build 3865790 on Sun May 07 13:33:03 MDT 2023
# Start of session at: Tue Jan 30 16:06:35 2024
# Process ID: 28444
# Current directory: C:/Users/LENOVO/OneDrive/Desktop/VERILOG CODES - Copy/digi_lock
# Command line: vivado.exe -gui_launcher_event rodinguilauncherevent16800 C:\Users\LENOVO\OneDrive\Desktop\VERILOG CODES - Copy\digi_lock\digi_lock.xpr
# Log file: C:/Users/LENOVO/OneDrive/Desktop/VERILOG CODES - Copy/digi_lock/vivado.log
# Journal file: C:/Users/LENOVO/OneDrive/Desktop/VERILOG CODES - Copy/digi_lock\vivado.jou
# Running On: DESKTOP-J43HL73, OS: Windows, CPU Frequency: 2496 MHz, CPU Physical cores: 10, Host memory: 8258 MB
#-----------------------------------------------------------
start_gui
open_project {C:/Users/LENOVO/OneDrive/Desktop/VERILOG CODES - Copy/digi_lock/digi_lock.xpr}
update_compile_order -fileset sources_1
